<?xml version="1.0" encoding="UTF-8"?>
<testsuites name="jest tests" tests="1" failures="0" errors="0" time="0.412">
  <testsuite name="addition" errors="0" failures="0" skipped="0" timestamp="2021-07-07T23:55:38" time="0.332" tests="1">
    <testcase classname="addition positive numbers should add up" name="addition positive numbers should add up" time="0.002">
    </testcase>
  </testsuite>
</testsuites>